I'm sorry, but errors were detected in your script. Please correct the
errors listed below, and try again.


File "game/scripts/initialization/clicky.entity.rpy", line 22: can't assign to operator

Ren'Py Version: Ren'Py 7.4.11.2266
Tue Jun 28 23:06:38 2022
